[nomadcollective.weebly.com/index.html]
[backblue.gif]
[fade.gif]
[index.html]
[nomadcollective.weebly.com/uploads/1/4/3/3/143364656/about-me_1_orig.png]
[nomadcollective.weebly.com/uploads/1/4/3/3/143364656/recent-project-1_1_orig.png]
[nomadcollective.weebly.com/uploads/1/4/3/3/143364656/recent-project-4_1_orig.png]
[nomadcollective.weebly.com/uploads/1/4/3/3/143364656/recent-project-2_1_orig.png]
[nomadcollective.weebly.com/uploads/1/4/3/3/143364656/recent-project-5_1_orig.png]
[nomadcollective.weebly.com/uploads/1/4/3/3/143364656/recent-project-6_1.png]
[nomadcollective.weebly.com/uploads/1/4/3/3/143364656/recent-project-3_1_orig.png]
[nomadcollective.weebly.com/uploads/1/4/3/3/143364656/recent-project-7_1_orig.png]
[nomadcollective.weebly.com/uploads/1/4/3/3/143364656/blog-1_1.png]
[nomadcollective.weebly.com/uploads/1/4/3/3/143364656/2_2_orig.png]
[cdn2.editmysite.com/css/sites1215.css]
[cdn2.editmysite.com/css/old/fancybox4e4b.css]
[cdn2.editmysite.com/css/social-icons4298.css]
[nomadcollective.weebly.com/files/main_stylef4da.css]
[cdn2.editmysite.com/fonts/Montserrat/fontc81e.css]
[cdn2.editmysite.com/fonts/Crimson_Text/fontc81e.css]
[cdn2.editmysite.com/fonts/Lato/fontc81e.css]
[nomadcollective.weebly.com/files/templateArtifactsf4da.js]
[ajax.googleapis.com/ajax/libs/jquery/1.8.3/jquery.min.js]
[www.google.com/recaptcha/api.js]
[cdn2.editmysite.com/js/lang/en/stl8783.js]
[nomadcollective.weebly.com/blog.html]
[cdn2.editmysite.com/js/site/main1215.js]
[nomadcollective.weebly.com/contact.html]
[nomadcollective.weebly.com/forestglass.html]
[nomadcollective.weebly.com/cthonicchords.html]
[nomadcollective.weebly.com/uploads/1/4/3/3/143364656/recent-project-6_1_orig.png]
[nomadcollective.weebly.com/uploads/1/4/3/3/143364656/blog-1_1_orig.png]
[nomadcollective.weebly.com/uploads/1/4/3/3/143364656/3_2_orig.png]
[nomadcollective.weebly.com/uploads/1/4/3/3/143364656/4_2_orig.png]
[cdn2.editmysite.com/images/site/footer/footer-toast-published-image-1.png]
[cdn2.editmysite.com/js/site/footerSignup1215.js]
[nomadcollective.weebly.com/files/theme/plugin56d4.js]
[nomadcollective.weebly.com/files/theme/mobile56d4.js]
[nomadcollective.weebly.com/files/theme/custom56d4.js]
[nomadcollective.weebly.com/index.html]
[cdn2.editmysite.com/images/util/videojs/white-bar.png]
[cdn2.editmysite.com/images/util/videojs/@2x/white-bar.png]
[cdn2.editmysite.com/images/util/videojs/gradient.png]
[cdn2.editmysite.com/images/util/videojs/@2x/gradient.png]
[cdn2.editmysite.com/sprites/util/videojs-sacae758aa2.png]
[cdn2.editmysite.com/sprites/util/videojs/@2x-s2aff7e7d9a.png]
[cdn2.editmysite.com/images/util/videojs/volume-filled.png]
[cdn2.editmysite.com/js/wsnbn/snowday262.js]
[cdn2.editmysite.com/images/util/videojs/@2x/volume-filled.png]
[cdn2.editmysite.com/images/util/videojs/volume-mute.png]
[cdn2.editmysite.com/images/util/videojs/@2x/volume-mute.png]
[cdn2.editmysite.com/images/util/videojs/blue-bar.png]
[cdn2.editmysite.com/images/util/videojs/@2x/blue-bar.png]
[cdn2.editmysite.com/images/util/videojs/maximize-icon.png]
[cdn2.editmysite.com/images/util/videojs/@2x/maximize-icon.png]
[cdn2.editmysite.com/images/util/videojs/minimize-icon.png]
[cdn2.editmysite.com/images/util/videojs/@2x/minimize-icon.png]
[cdn2.editmysite.com/images/util/videojs/play-icon.png]
[cdn2.editmysite.com/images/util/videojs/@2x/play-icon.png]
[cdn2.editmysite.com/images/util/videojs/sad-face.png]
[cdn2.editmysite.com/images/util/videojs/@2x/sad-face.png]
[cdn2.editmysite.com/images/util/videojs/loading-icon.png]
[cdn2.editmysite.com/images/util/videojs/@2x/loading-icon.png]
[cdn2.editmysite.com/images/common/buttons/small_grey.png]
[cdn2.editmysite.com/images/common/buttons/small_blue.png]
[cdn2.editmysite.com/images/old/button/large_grey.png]
[cdn2.editmysite.com/images/common/buttons/large_blue.png]
[cdn2.editmysite.com/images/common/search-light.png]
[cdn2.editmysite.com/images/common/social_icons.png]
[cdn2.editmysite.com/images/common/blog/blog-comment-button.png]
[cdn2.editmysite.com/images/common/blog/blog-comment-header.png]
[cdn2.editmysite.com/images/common/blog/blog-comment-pointer.png]
[cdn2.editmysite.com/images/common/blog/blog-comment-link.png]
[cdn2.editmysite.com/images/common/blog/blog-comment-header-author.png]
[cdn2.editmysite.com/images/common/blog/blog-comment-pointer-author.png]
[cdn2.editmysite.com/images/common/blog/blog-comment-field-bg.png]
[cdn2.editmysite.com/images/common/blog/dark-blog-comment-header.png]
[cdn2.editmysite.com/images/common/blog/dark-blog-comment-pointer.png]
[cdn2.editmysite.com/images/common/blog/dark-blog-comment-header-author.png]
[cdn2.editmysite.com/images/common/blog/dark-blog-comment-pointer-author.png]
[cdn2.editmysite.com/images/common/blog/dark-blog-comment-link.png]
[cdn2.editmysite.com/images/util/general/blank.gif]
[cdn2.editmysite.com/images/common/lightbox/prevlabel.gif]
[cdn2.editmysite.com/images/common/lightbox/nextlabel.gif]
[cdn2.editmysite.com/sprites/util/inputs/checkmarkBox-s7868418152.png]
[cdn2.editmysite.com/sprites/util/inputs/checkmarkBox/@2x-s211a47d318.png]
[cdn2.editmysite.com/images/util/inputs/search-input-bg.jpg]
[cdn2.editmysite.com/images/common/magnifying-glass.png]
[cdn2.editmysite.com/js/site/main-customer-accounts-site1215.js]
[cdn2.editmysite.com/images/common/checkmarks/checkmark-mini.png]
[cdn2.editmysite.com/images/common/checkmarks/@2x/checkmark-mini.png]
[cdn2.editmysite.com/images/common/search-pagination-bg.png]
[cdn2.editmysite.com/images/util/general/top-triangle-000.png]
[cdn2.editmysite.com/images/util/general/bottom-triangle-000.png]
[cdn2.editmysite.com/images/util/general/top-triangle-000@2x.png]
[cdn2.editmysite.com/images/util/general/bottom-triangle-000@2x.png]
[cdn2.editmysite.com/sprites/common/social-icons-s5ea5500bdb.png]
[cdn2.editmysite.com/sprites/common/social-icons/@2x-s0ae7d70c70.png]
[cdn2.editmysite.com/sprites/site/mini-cart-s86c48effae.png]
[cdn2.editmysite.com/sprites/site/mini-cart/@2x-s576cbc3f90.png]
[cdn2.editmysite.com/images/loading.gif]
[cdn2.editmysite.com/sprites/site/mobile/commerce-sdf6d4e852c.png]
[cdn2.editmysite.com/sprites/site/mobile/commerce/@2x-s82f968c453.png]
[cdn2.editmysite.com/images/site/checkout/paypal.png]
[cdn2.editmysite.com/images/site/checkout/@2x/paypal.png]
[cdn2.editmysite.com/images/site/checkout/credit-cards.png]
[cdn2.editmysite.com/images/site/checkout/@2x/credit-cards.png]
[cdn2.editmysite.com/images/site/checkout/print.png]
[cdn2.editmysite.com/images/site/checkout/print@2x.png]
[cdn2.editmysite.com/images/vendor/select2/select2.png]
[cdn2.editmysite.com/images/vendor/select2/select2-spinner.gif]
[cdn2.editmysite.com/images/vendor/select2/select2x2.png]
[cdn2.editmysite.com/images/util/spinner/spinner-dark.png]
[cdn2.editmysite.com/images/util/spinner/spinner-light.png]
[cdn2.editmysite.com/images/util/loading-white-w24.gif]
[cdn2.editmysite.com/images/common/form_input_bg.gif]
[cdn2.editmysite.com/sprites/site/forms-s3786257308.png]
[cdn2.editmysite.com/sprites/site/forms/@2x-s47607b315a.png]
[cdn2.editmysite.com/images/blank.gif]
[cdn2.editmysite.com/images/old/photoswipe/loader.gif]
[cdn2.editmysite.com/images/old/photoswipe/error.gif]
[cdn2.editmysite.com/images/old/photoswipe/icons.png]
[cdn2.editmysite.com/images/old/photoswipe/icons@2x.png]
[cdn2.editmysite.com/css/sites1215.css]
[cdn2.editmysite.com/images/old/fancybox/fancybox_sprite.png]
[cdn2.editmysite.com/images/old/fancybox/fancybox_loading.gif]
[cdn2.editmysite.com/images/old/fancybox/blank.gif]
[cdn2.editmysite.com/images/old/fancybox/fancybox_overlay.png]
[cdn2.editmysite.com/css/old/fancybox4e4b.css]
[cdn2.editmysite.com/css/social-icons4298.css]
[nomadcollective.weebly.com/files/theme/images/default-bgf4da.jpg]
[nomadcollective.weebly.com/files/theme/images/select-arrowf4da.png]
[nomadcollective.weebly.com/files/theme/images/light-checkboxf4da.png]
[nomadcollective.weebly.com/files/theme/images/icon-bubblef4da.png]
[nomadcollective.weebly.com/files/main_stylef4da.css]
[cdn2.editmysite.com/fonts/Montserrat/regular.woff2]
[cdn2.editmysite.com/fonts/Montserrat/regular.woff]
[cdn2.editmysite.com/fonts/Montserrat/regular.eot]
[cdn2.editmysite.com/fonts/Montserrat/regulard41d.eot]
[cdn2.editmysite.com/fonts/Montserrat/bold.woff2]
[cdn2.editmysite.com/fonts/Montserrat/regular.ttf]
[cdn2.editmysite.com/fonts/Montserrat/bold.eot]
[cdn2.editmysite.com/fonts/Montserrat/bold.woff]
[cdn2.editmysite.com/fonts/Montserrat/fontc81e.css]
[cdn2.editmysite.com/fonts/Montserrat/boldd41d.eot]
[cdn2.editmysite.com/fonts/Crimson_Text/regular.woff2]
[cdn2.editmysite.com/fonts/Montserrat/bold.ttf]
[cdn2.editmysite.com/fonts/Crimson_Text/regular.woff]
[cdn2.editmysite.com/fonts/Crimson_Text/regular.eot]
[cdn2.editmysite.com/fonts/Crimson_Text/regulard41d.eot]
[cdn2.editmysite.com/fonts/Crimson_Text/italic.woff2]
[cdn2.editmysite.com/fonts/Crimson_Text/regular.ttf]
[cdn2.editmysite.com/fonts/Crimson_Text/italic.eot]
[cdn2.editmysite.com/fonts/Crimson_Text/italic.woff]
[cdn2.editmysite.com/fonts/Crimson_Text/italicd41d.eot]
[cdn2.editmysite.com/fonts/Crimson_Text/bold.woff2]
[cdn2.editmysite.com/fonts/Crimson_Text/italic.ttf]
[cdn2.editmysite.com/fonts/Crimson_Text/bold.woff]
[cdn2.editmysite.com/fonts/Crimson_Text/bold.eot]
[cdn2.editmysite.com/fonts/Crimson_Text/boldd41d.eot]
[cdn2.editmysite.com/fonts/Crimson_Text/bolditalic.woff2]
[cdn2.editmysite.com/fonts/Crimson_Text/bold.ttf]
[cdn2.editmysite.com/fonts/Crimson_Text/bolditalic.woff]
[cdn2.editmysite.com/fonts/Crimson_Text/bolditalic.eot]
[cdn2.editmysite.com/fonts/Crimson_Text/fontc81e.css]
[cdn2.editmysite.com/fonts/Crimson_Text/bolditalicd41d.eot]
[cdn2.editmysite.com/fonts/Lato/light.woff2]
[cdn2.editmysite.com/fonts/Crimson_Text/bolditalic.ttf]
[cdn2.editmysite.com/fonts/Lato/light.woff]
[cdn2.editmysite.com/fonts/Lato/light.eot]
[cdn2.editmysite.com/fonts/Lato/lightd41d.eot]
[cdn2.editmysite.com/fonts/Lato/lightitalic.woff2]
[cdn2.editmysite.com/fonts/Lato/lightitalic.eot]
[cdn2.editmysite.com/fonts/Lato/lightitalic.woff]
[cdn2.editmysite.com/fonts/Lato/light.ttf]
[cdn2.editmysite.com/fonts/Lato/lightitalicd41d.eot]
[cdn2.editmysite.com/fonts/Lato/regular.woff2]
[cdn2.editmysite.com/fonts/Lato/lightitalic.ttf]
[cdn2.editmysite.com/fonts/Lato/regular.woff]
[cdn2.editmysite.com/fonts/Lato/regular.eot]
[cdn2.editmysite.com/fonts/Lato/regulard41d.eot]
[cdn2.editmysite.com/fonts/Lato/italic.woff2]
[cdn2.editmysite.com/fonts/Lato/regular.ttf]
[cdn2.editmysite.com/fonts/Lato/italic.woff]
[cdn2.editmysite.com/fonts/Lato/italic.eot]
[cdn2.editmysite.com/fonts/Lato/italicd41d.eot]
[cdn2.editmysite.com/fonts/Lato/bold.woff2]
[cdn2.editmysite.com/fonts/Lato/italic.ttf]
[cdn2.editmysite.com/fonts/Lato/bold.woff]
[cdn2.editmysite.com/fonts/Lato/bold.eot]
[cdn2.editmysite.com/fonts/Lato/boldd41d.eot]
[cdn2.editmysite.com/fonts/Lato/bolditalic.woff2]
[cdn2.editmysite.com/fonts/Lato/bold.ttf]
[cdn2.editmysite.com/fonts/Lato/bolditalic.woff]
[cdn2.editmysite.com/fonts/Lato/bolditalic.eot]
[cdn2.editmysite.com/fonts/Lato/fontc81e.css]
[nomadcollective.weebly.com/files/templateArtifactsf4da.js]
[cdn2.editmysite.com/images/site/footer/og-image-placeholder-blank.png]
[cdn2.editmysite.com/fonts/Lato/bolditalicd41d.eot]
[nomadcollective.weebly.com/blog/category/all.html]
[cdn2.editmysite.com/fonts/Lato/bolditalic.ttf]
[nomadcollective.weebly.com/1/feed]
[cdn2.editmysite.com/images/old/bg_feed.gif]
[nomadcollective.weebly.com/files/theme/plugin.js]
[nomadcollective.weebly.com/files/theme/mobile.js]
[nomadcollective.weebly.com/files/theme/custom.js]
[nomadcollective.weebly.com/blog.html]
[nomadcollective.weebly.com/contact.html]
[nomadcollective.weebly.com/uploads/1/4/3/3/143364656/masonry-short-1_1_orig.jpg]
[nomadcollective.weebly.com/uploads/1/4/3/3/143364656/masonry-tall-4_1_orig.jpg]
[nomadcollective.weebly.com/uploads/1/4/3/3/143364656/masonry-short-3_1_orig.jpg]
[nomadcollective.weebly.com/uploads/1/4/3/3/143364656/masonry-short-2_1_orig.jpg]
[nomadcollective.weebly.com/uploads/1/4/3/3/143364656/masonry-tall-1_1_orig.jpg]
[nomadcollective.weebly.com/uploads/1/4/3/3/143364656/masonry-short-4_1_orig.jpg]
[nomadcollective.weebly.com/uploads/1/4/3/3/143364656/masonry-tall-3_1_orig.jpg]
[nomadcollective.weebly.com/forestglass.html]
[nomadcollective.weebly.com/cthonicchords.html]
[nomadcollective.weebly.com/_/uploads/1/4/3/3/143364656/background-images/1296228695.html]
[nomadcollective.weebly.com/_/uploads/1/4/3/3/143364656/background-images/1098251080.html]
[nomadcollective.weebly.com/_/uploads/1/4/3/3/143364656/background-images/190770235.html]
[nomadcollective.weebly.com/blog/category/all.html]
[nomadcollective.weebly.com/uploads/1/4/3/3/143364656/masonry-tall-2_1_orig.html]
